******************************************************************************
                  TI ARM Linker PC v18.1.4                     
******************************************************************************
>> Linked Wed Mar 11 17:28:07 2020

OUTPUT FILE NAME:   <lab5.out>
ENTRY POINT SYMBOL: "_c_int00_noargs"  address: 000007b9


MEMORY CONFIGURATION

         name            origin    length      used     unused   attr    fill
----------------------  --------  ---------  --------  --------  ----  --------
  FLASH                 00000000   00040000  000008c8  0003f738  R  X
  SRAM                  20000000   00008000  000002f2  00007d0e  RW X


SEGMENT ALLOCATION MAP

run origin  load origin   length   init length attrs members
----------  ----------- ---------- ----------- ----- -------
00000000    00000000    000008c8   000008c8    r-x
  00000000    00000000    00000810   00000810    r-x .text
  00000810    00000810    000000b8   000000b8    r-- .cinit
20000000    20000000    000002f2   00000000    rw-
  20000000    20000000    00000200   00000000    rw- .stack
  20000200    20000200    000000f2   00000000    rw- .data


SECTION ALLOCATION MAP

 output                                  attributes/
section   page    origin      length       input sections
--------  ----  ----------  ----------   ----------------
.text      0    00000000    00000810     
                  00000000    00000580     lab_5_library.obj (.text)
                  00000580    000000ee     lab_5.obj (.text)
                  0000066e    0000009c     rtsv7M4_T_le_v4SPD16_eabi.lib : memcpy_t2.asm.obj (.text)
                  0000070a    00000068                                   : copy_decompress_lzss.c.obj (.text:decompress:lzss:__TI_decompress_lzss)
                  00000772    00000002     --HOLE-- [fill = 0]
                  00000774    00000044                                   : autoinit.c.obj (.text:__TI_auto_init_nobinit_nopinit:__TI_auto_init_nobinit_nopinit)
                  000007b8    00000038                                   : boot_cortex_m.c.obj (.text:_c_int00_noargs:_c_int00_noargs)
                  000007f0    0000000e                                   : copy_decompress_none.c.obj (.text:decompress:none:__TI_decompress_none)
                  000007fe    0000000a     lab_5_wrapper.obj (.text)
                  00000808    00000004     rtsv7M4_T_le_v4SPD16_eabi.lib : pre_init.c.obj (.text:_system_pre_init)
                  0000080c    00000004                                   : exit.c.obj (.text:abort:abort)

.cinit     0    00000810    000000b8     
                  00000810    000000a6     (.cinit..data.load) [load image, compression = lzss]
                  000008b6    00000002     --HOLE-- [fill = 0]
                  000008b8    00000008     (__TI_handler_table)
                  000008c0    00000008     (__TI_cinit_table)

.init_array 
*          0    00000000    00000000     UNINITIALIZED

.data      0    20000200    000000f2     UNINITIALIZED
                  20000200    000000f2     lab_5_library.obj (.data)

.stack     0    20000000    00000200     UNINITIALIZED
                  20000000    00000004     rtsv7M4_T_le_v4SPD16_eabi.lib : boot_cortex_m.c.obj (.stack)
                  20000004    000001fc     --HOLE--

MODULE SUMMARY

       Module                       code   ro data   rw data
       ------                       ----   -------   -------
    .\
       lab_5_library.obj            1408   0         242    
       lab_5.obj                    238    0         0      
       lab_5_wrapper.obj            10     0         0      
    +--+----------------------------+------+---------+---------+
       Total:                       1656   0         242    
                                                            
    C:\ti\ccsv8\tools\compiler\ti-cgt-arm_18.1.4.LTS\lib\rtsv7M4_T_le_v4SPD16_eabi.lib
       memcpy_t2.asm.obj            156    0         0      
       copy_decompress_lzss.c.obj   104    0         0      
       autoinit.c.obj               68     0         0      
       boot_cortex_m.c.obj          56     0         0      
       copy_decompress_none.c.obj   14     0         0      
       exit.c.obj                   4      0         0      
       pre_init.c.obj               4      0         0      
    +--+----------------------------+------+---------+---------+
       Total:                       406    0         0      
                                                            
       Stack:                       0      0         512    
       Linker Generated:            0      182       0      
    +--+----------------------------+------+---------+---------+
       Grand Total:                 2062   182       754    


LINKER GENERATED COPY TABLES

__TI_cinit_table @ 000008c0 records: 1, size/record: 8, table size: 8
	.data: load addr=00000810, load size=000000a6 bytes, run addr=20000200, run size=000000f2 bytes, compression=lzss


LINKER GENERATED HANDLER TABLE

__TI_handler_table @ 000008b8 records: 2, size/record: 4, table size: 8
	index: 0, handler: __TI_decompress_lzss
	index: 1, handler: __TI_decompress_none


GLOBAL SYMBOLS: SORTED ALPHABETICALLY BY Name 

address   name                          
-------   ----                          
0000080d  C$$EXIT                       
00000049  Interrupt_init                
00000209  Switches_Handler              
00000131  UART0_Handler                 
20000200  __STACK_END                   
00000200  __STACK_SIZE                  
20000200  __STACK_TOP                   
000008c0  __TI_CINIT_Base               
000008c8  __TI_CINIT_Limit              
000008b8  __TI_Handler_Table_Base       
000008c0  __TI_Handler_Table_Limit      
00000775  __TI_auto_init_nobinit_nopinit
0000070b  __TI_decompress_lzss          
000007f1  __TI_decompress_none          
ffffffff  __TI_pprof_out_hndl           
ffffffff  __TI_prof_data_size           
ffffffff  __TI_prof_data_start          
00000000  __TI_static_base__            
0000066f  __aeabi_memcpy                
0000066f  __aeabi_memcpy4               
0000066f  __aeabi_memcpy8               
ffffffff  __binit__                     
ffffffff  __c_args__                    
UNDEFED   __mpu_init                    
20000000  __stack                       
000007b9  _c_int00_noargs               
UNDEFED   _system_post_cinit            
00000809  _system_pre_init              
0000080d  abort                         
ffffffff  binit                         
00000511  div_and_mod                   
000005c9  lab5                          
000007ff  main                          
0000066f  memcpy                        
200002f0  num1                          
200002e2  numSwitch                     
200002de  numUART                       
200002e4  numUART1                      
200002e8  numUART2                      
200002ec  numUART3                      
200002cc  numq                          
200002da  numsw2                        
200002d6  numsw3                        
200002d2  numsw4                        
200002ce  numsw5                        
000003a7  output_character              
00000401  output_string                 
200002ac  promptEnd                     
20000200  promptInstruction             
2000024e  promptKeyboard                
2000026c  promptSW2                     
2000027c  promptSW3                     
2000028c  promptSW4                     
2000029c  promptSW5                     
00000387  read_character                
000000ef  read_from_push_btns           
000003c7  read_string                   
0000041f  uart_init                     


GLOBAL SYMBOLS: SORTED BY Symbol Address 

address   name                          
-------   ----                          
00000000  __TI_static_base__            
00000049  Interrupt_init                
000000ef  read_from_push_btns           
00000131  UART0_Handler                 
00000200  __STACK_SIZE                  
00000209  Switches_Handler              
00000387  read_character                
000003a7  output_character              
000003c7  read_string                   
00000401  output_string                 
0000041f  uart_init                     
00000511  div_and_mod                   
000005c9  lab5                          
0000066f  __aeabi_memcpy                
0000066f  __aeabi_memcpy4               
0000066f  __aeabi_memcpy8               
0000066f  memcpy                        
0000070b  __TI_decompress_lzss          
00000775  __TI_auto_init_nobinit_nopinit
000007b9  _c_int00_noargs               
000007f1  __TI_decompress_none          
000007ff  main                          
00000809  _system_pre_init              
0000080d  C$$EXIT                       
0000080d  abort                         
000008b8  __TI_Handler_Table_Base       
000008c0  __TI_CINIT_Base               
000008c0  __TI_Handler_Table_Limit      
000008c8  __TI_CINIT_Limit              
20000000  __stack                       
20000200  __STACK_END                   
20000200  __STACK_TOP                   
20000200  promptInstruction             
2000024e  promptKeyboard                
2000026c  promptSW2                     
2000027c  promptSW3                     
2000028c  promptSW4                     
2000029c  promptSW5                     
200002ac  promptEnd                     
200002cc  numq                          
200002ce  numsw5                        
200002d2  numsw4                        
200002d6  numsw3                        
200002da  numsw2                        
200002de  numUART                       
200002e2  numSwitch                     
200002e4  numUART1                      
200002e8  numUART2                      
200002ec  numUART3                      
200002f0  num1                          
ffffffff  __TI_pprof_out_hndl           
ffffffff  __TI_prof_data_size           
ffffffff  __TI_prof_data_start          
ffffffff  __binit__                     
ffffffff  __c_args__                    
ffffffff  binit                         
UNDEFED   __mpu_init                    
UNDEFED   _system_post_cinit            

[58 symbols]
