******************************************************************************
                  TI ARM Linker PC v18.1.4                     
******************************************************************************
>> Linked Sat Feb 22 16:51:46 2020

OUTPUT FILE NAME:   <lab3.out>
ENTRY POINT SYMBOL: "_c_int00_noargs"  address: 00000581


MEMORY CONFIGURATION

         name            origin    length      used     unused   attr    fill
----------------------  --------  ---------  --------  --------  ----  --------
  FLASH                 00000000   00040000  00000654  0003f9ac  R  X
  SRAM                  20000000   00008000  0000027d  00007d83  RW X


SEGMENT ALLOCATION MAP

run origin  load origin   length   init length attrs members
----------  ----------- ---------- ----------- ----- -------
00000000    00000000    00000658   00000658    r-x
  00000000    00000000    0000026c   0000026c    r-- .intvecs
  0000026c    0000026c    00000378   00000378    r-x .text
  000005e8    000005e8    00000070   00000070    r-- .cinit
20000000    20000000    0000027d   00000000    rw-
  20000000    20000000    00000200   00000000    rw- .stack
  20000200    20000200    0000007d   00000000    rw- .data


SECTION ALLOCATION MAP

 output                                  attributes/
section   page    origin      length       input sections
--------  ----  ----------  ----------   ----------------
.intvecs   0    00000000    0000026c     
                  00000000    0000026c     tm4c123gh6pm_startup_ccs.obj (.intvecs)

.text      0    0000026c    00000378     
                  0000026c    000001ca     lab3.obj (.text)
                  00000436    0000009c     rtsv7M4_T_le_v4SPD16_eabi.lib : memcpy_t2.asm.obj (.text)
                  000004d2    00000068                                   : copy_decompress_lzss.c.obj (.text:decompress:lzss:__TI_decompress_lzss)
                  0000053a    00000002     --HOLE-- [fill = 0]
                  0000053c    00000044                                   : autoinit.c.obj (.text:__TI_auto_init_nobinit_nopinit:__TI_auto_init_nobinit_nopinit)
                  00000580    00000038                                   : boot_cortex_m.c.obj (.text:_c_int00_noargs:_c_int00_noargs)
                  000005b8    0000000e                                   : copy_decompress_none.c.obj (.text:decompress:none:__TI_decompress_none)
                  000005c6    0000000c     tm4c123gh6pm_startup_ccs.obj (.text)
                  000005d2    0000000a     lab3wrapper.obj (.text)
                  000005dc    00000004     rtsv7M4_T_le_v4SPD16_eabi.lib : pre_init.c.obj (.text:_system_pre_init)
                  000005e0    00000004                                   : exit.c.obj (.text:abort:abort)

.cinit     0    000005e8    00000070     
                  000005e8    0000005e     (.cinit..data.load) [load image, compression = lzss]
                  00000646    00000002     --HOLE-- [fill = 0]
                  00000648    00000008     (__TI_handler_table)
                  00000650    00000008     (__TI_cinit_table)

.init_array 
*          0    00000000    00000000     UNINITIALIZED

.data      0    20000200    0000007d     UNINITIALIZED
                  20000200    0000007d     lab3.obj (.data)

.stack     0    20000000    00000200     UNINITIALIZED
                  20000000    00000004     rtsv7M4_T_le_v4SPD16_eabi.lib : boot_cortex_m.c.obj (.stack)
                  20000004    000001fc     --HOLE--

MODULE SUMMARY

       Module                         code   ro data   rw data
       ------                         ----   -------   -------
    .\
       tm4c123gh6pm_startup_ccs.obj   12     620       0      
       lab3.obj                       458    0         125    
       lab3wrapper.obj                10     0         0      
    +--+------------------------------+------+---------+---------+
       Total:                         480    620       125    
                                                              
    C:\ti\ccsv8\tools\compiler\ti-cgt-arm_18.1.4.LTS\lib\rtsv7M4_T_le_v4SPD16_eabi.lib
       memcpy_t2.asm.obj              156    0         0      
       copy_decompress_lzss.c.obj     104    0         0      
       autoinit.c.obj                 68     0         0      
       boot_cortex_m.c.obj            56     0         0      
       copy_decompress_none.c.obj     14     0         0      
       exit.c.obj                     4      0         0      
       pre_init.c.obj                 4      0         0      
    +--+------------------------------+------+---------+---------+
       Total:                         406    0         0      
                                                              
       Stack:                         0      0         512    
       Linker Generated:              0      110       0      
    +--+------------------------------+------+---------+---------+
       Grand Total:                   886    730       637    


LINKER GENERATED COPY TABLES

__TI_cinit_table @ 00000650 records: 1, size/record: 8, table size: 8
	.data: load addr=000005e8, load size=0000005e bytes, run addr=20000200, run size=0000007d bytes, compression=lzss


LINKER GENERATED HANDLER TABLE

__TI_handler_table @ 00000648 records: 2, size/record: 4, table size: 8
	index: 0, handler: __TI_decompress_lzss
	index: 1, handler: __TI_decompress_none


GLOBAL SYMBOLS: SORTED ALPHABETICALLY BY Name 

address   name                          
-------   ----                          
000005e1  C$$EXIT                       
000005c7  ResetISR                      
20000200  __STACK_END                   
00000200  __STACK_SIZE                  
20000200  __STACK_TOP                   
00000650  __TI_CINIT_Base               
00000658  __TI_CINIT_Limit              
00000648  __TI_Handler_Table_Base       
00000650  __TI_Handler_Table_Limit      
0000053d  __TI_auto_init_nobinit_nopinit
000004d3  __TI_decompress_lzss          
000005b9  __TI_decompress_none          
ffffffff  __TI_pprof_out_hndl           
ffffffff  __TI_prof_data_size           
ffffffff  __TI_prof_data_start          
00000000  __TI_static_base__            
00000437  __aeabi_memcpy                
00000437  __aeabi_memcpy4               
00000437  __aeabi_memcpy8               
ffffffff  __binit__                     
ffffffff  __c_args__                    
UNDEFED   __mpu_init                    
20000000  __stack                       
00000581  _c_int00_noargs               
UNDEFED   _system_post_cinit            
000005dd  _system_pre_init              
000005e1  abort                         
ffffffff  binit                         
20000235  difference                    
20000239  expression1                   
20000251  expression2                   
2000026a  expression3                   
00000000  g_pfnVectors                  
0000028d  lab3                          
000005d3  main                          
00000437  memcpy                        
20000216  num1                          
20000231  num2                          
20000200  prompt1                       
2000021a  prompt2                       
0000042d  uart_init                     


GLOBAL SYMBOLS: SORTED BY Symbol Address 

address   name                          
-------   ----                          
00000000  __TI_static_base__            
00000000  g_pfnVectors                  
00000200  __STACK_SIZE                  
0000028d  lab3                          
0000042d  uart_init                     
00000437  __aeabi_memcpy                
00000437  __aeabi_memcpy4               
00000437  __aeabi_memcpy8               
00000437  memcpy                        
000004d3  __TI_decompress_lzss          
0000053d  __TI_auto_init_nobinit_nopinit
00000581  _c_int00_noargs               
000005b9  __TI_decompress_none          
000005c7  ResetISR                      
000005d3  main                          
000005dd  _system_pre_init              
000005e1  C$$EXIT                       
000005e1  abort                         
00000648  __TI_Handler_Table_Base       
00000650  __TI_CINIT_Base               
00000650  __TI_Handler_Table_Limit      
00000658  __TI_CINIT_Limit              
20000000  __stack                       
20000200  __STACK_END                   
20000200  __STACK_TOP                   
20000200  prompt1                       
20000216  num1                          
2000021a  prompt2                       
20000231  num2                          
20000235  difference                    
20000239  expression1                   
20000251  expression2                   
2000026a  expression3                   
ffffffff  __TI_pprof_out_hndl           
ffffffff  __TI_prof_data_size           
ffffffff  __TI_prof_data_start          
ffffffff  __binit__                     
ffffffff  __c_args__                    
ffffffff  binit                         
UNDEFED   __mpu_init                    
UNDEFED   _system_post_cinit            

[41 symbols]
