******************************************************************************
                  TI ARM Linker PC v18.1.4                     
******************************************************************************
>> Linked Sat Mar  7 13:23:45 2020

OUTPUT FILE NAME:   <lab4.out>
ENTRY POINT SYMBOL: "_c_int00_noargs"  address: 000009d1


MEMORY CONFIGURATION

         name            origin    length      used     unused   attr    fill
----------------------  --------  ---------  --------  --------  ----  --------
  FLASH                 00000000   00040000  00000bdc  0003f424  R  X
  SRAM                  20000000   00008000  0000044e  00007bb2  RW X


SEGMENT ALLOCATION MAP

run origin  load origin   length   init length attrs members
----------  ----------- ---------- ----------- ----- -------
00000000    00000000    00000be0   00000be0    r-x
  00000000    00000000    0000026c   0000026c    r-- .intvecs
  0000026c    0000026c    000007c8   000007c8    r-x .text
  00000a38    00000a38    000001a8   000001a8    r-- .cinit
20000000    20000000    00000450   00000000    rw-
  20000000    20000000    0000024e   00000000    rw- .data
  20000250    20000250    00000200   00000000    rw- .stack


SECTION ALLOCATION MAP

 output                                  attributes/
section   page    origin      length       input sections
--------  ----  ----------  ----------   ----------------
.intvecs   0    00000000    0000026c     
                  00000000    0000026c     tm4c123gh6pm_startup_ccs.obj (.intvecs)

.text      0    0000026c    000007c8     
                  0000026c    0000033c     library_lab_4.obj (.text)
                  000005a8    000002e0     lab4.obj (.text)
                  00000888    0000009c     rtsv7M4_T_le_v4SPD16_eabi.lib : memcpy_t2.asm.obj (.text)
                  00000924    00000068                                   : copy_decompress_lzss.c.obj (.text:decompress:lzss:__TI_decompress_lzss)
                  0000098c    00000044                                   : autoinit.c.obj (.text:__TI_auto_init_nobinit_nopinit:__TI_auto_init_nobinit_nopinit)
                  000009d0    00000038                                   : boot_cortex_m.c.obj (.text:_c_int00_noargs:_c_int00_noargs)
                  00000a08    0000000e                                   : copy_decompress_none.c.obj (.text:decompress:none:__TI_decompress_none)
                  00000a16    0000000c     tm4c123gh6pm_startup_ccs.obj (.text)
                  00000a22    0000000a     main.obj (.text)
                  00000a2c    00000004     rtsv7M4_T_le_v4SPD16_eabi.lib : pre_init.c.obj (.text:_system_pre_init)
                  00000a30    00000004                                   : exit.c.obj (.text:abort:abort)

.cinit     0    00000a38    000001a8     
                  00000a38    00000196     (.cinit..data.load) [load image, compression = lzss]
                  00000bce    00000002     --HOLE-- [fill = 0]
                  00000bd0    00000008     (__TI_handler_table)
                  00000bd8    00000008     (__TI_cinit_table)

.init_array 
*          0    00000000    00000000     UNINITIALIZED

.data      0    20000000    0000024e     UNINITIALIZED
                  20000000    0000024e     lab4.obj (.data)

.stack     0    20000250    00000200     UNINITIALIZED
                  20000250    00000004     rtsv7M4_T_le_v4SPD16_eabi.lib : boot_cortex_m.c.obj (.stack)
                  20000254    000001fc     --HOLE--

MODULE SUMMARY

       Module                         code   ro data   rw data
       ------                         ----   -------   -------
    .\
       lab4.obj                       736    0         590    
       library_lab_4.obj              828    0         0      
       tm4c123gh6pm_startup_ccs.obj   12     620       0      
       main.obj                       10     0         0      
    +--+------------------------------+------+---------+---------+
       Total:                         1586   620       590    
                                                              
    C:\ti\ccsv8\tools\compiler\ti-cgt-arm_18.1.4.LTS\lib\rtsv7M4_T_le_v4SPD16_eabi.lib
       memcpy_t2.asm.obj              156    0         0      
       copy_decompress_lzss.c.obj     104    0         0      
       autoinit.c.obj                 68     0         0      
       boot_cortex_m.c.obj            56     0         0      
       copy_decompress_none.c.obj     14     0         0      
       exit.c.obj                     4      0         0      
       pre_init.c.obj                 4      0         0      
    +--+------------------------------+------+---------+---------+
       Total:                         406    0         0      
                                                              
       Stack:                         0      0         512    
       Linker Generated:              0      422       0      
    +--+------------------------------+------+---------+---------+
       Grand Total:                   1992   1042      1102   


LINKER GENERATED COPY TABLES

__TI_cinit_table @ 00000bd8 records: 1, size/record: 8, table size: 8
	.data: load addr=00000a38, load size=00000196 bytes, run addr=20000000, run size=0000024e bytes, compression=lzss


LINKER GENERATED HANDLER TABLE

__TI_handler_table @ 00000bd0 records: 2, size/record: 4, table size: 8
	index: 0, handler: __TI_decompress_lzss
	index: 1, handler: __TI_decompress_none


GLOBAL SYMBOLS: SORTED ALPHABETICALLY BY Name 

address   name                          
-------   ----                          
00000a31  C$$EXIT                       
00000a17  ResetISR                      
20000450  __STACK_END                   
00000200  __STACK_SIZE                  
20000450  __STACK_TOP                   
00000bd8  __TI_CINIT_Base               
00000be0  __TI_CINIT_Limit              
00000bd0  __TI_Handler_Table_Base       
00000bd8  __TI_Handler_Table_Limit      
0000098d  __TI_auto_init_nobinit_nopinit
00000925  __TI_decompress_lzss          
00000a09  __TI_decompress_none          
ffffffff  __TI_pprof_out_hndl           
ffffffff  __TI_prof_data_size           
ffffffff  __TI_prof_data_start          
00000000  __TI_static_base__            
00000889  __aeabi_memcpy                
00000889  __aeabi_memcpy4               
00000889  __aeabi_memcpy8               
ffffffff  __binit__                     
ffffffff  __c_args__                    
UNDEFED   __mpu_init                    
20000250  __stack                       
000009d1  _c_int00_noargs               
UNDEFED   _system_post_cinit            
00000a2d  _system_pre_init              
00000a31  abort                         
ffffffff  binit                         
00000000  g_pfnVectors                  
0000037f  illuminate_LEDs               
000003cf  illuminate_RGB_LED            
000005d9  lab4                          
00000a23  main                          
00000889  memcpy                        
2000024a  num1                          
0000052f  output_character              
0000058b  output_string                 
200001f8  promptButton                  
2000023c  promptEnd                     
200000d9  promptEnter                   
20000049  promptIntro1                  
20000093  promptIntro2                  
200001d1  promptKeypad                  
20000139  promptLED                     
20000000  promptMenu                    
2000010f  promptNow                     
2000016b  promptRGB                     
2000021b  promptReturn                  
0000050f  read_character                
00000321  read_from_push_btns           
0000026d  read_keypad                   
0000054f  read_string                   
0000041d  uart_init                     


GLOBAL SYMBOLS: SORTED BY Symbol Address 

address   name                          
-------   ----                          
00000000  __TI_static_base__            
00000000  g_pfnVectors                  
00000200  __STACK_SIZE                  
0000026d  read_keypad                   
00000321  read_from_push_btns           
0000037f  illuminate_LEDs               
000003cf  illuminate_RGB_LED            
0000041d  uart_init                     
0000050f  read_character                
0000052f  output_character              
0000054f  read_string                   
0000058b  output_string                 
000005d9  lab4                          
00000889  __aeabi_memcpy                
00000889  __aeabi_memcpy4               
00000889  __aeabi_memcpy8               
00000889  memcpy                        
00000925  __TI_decompress_lzss          
0000098d  __TI_auto_init_nobinit_nopinit
000009d1  _c_int00_noargs               
00000a09  __TI_decompress_none          
00000a17  ResetISR                      
00000a23  main                          
00000a2d  _system_pre_init              
00000a31  C$$EXIT                       
00000a31  abort                         
00000bd0  __TI_Handler_Table_Base       
00000bd8  __TI_CINIT_Base               
00000bd8  __TI_Handler_Table_Limit      
00000be0  __TI_CINIT_Limit              
20000000  promptMenu                    
20000049  promptIntro1                  
20000093  promptIntro2                  
200000d9  promptEnter                   
2000010f  promptNow                     
20000139  promptLED                     
2000016b  promptRGB                     
200001d1  promptKeypad                  
200001f8  promptButton                  
2000021b  promptReturn                  
2000023c  promptEnd                     
2000024a  num1                          
20000250  __stack                       
20000450  __STACK_END                   
20000450  __STACK_TOP                   
ffffffff  __TI_pprof_out_hndl           
ffffffff  __TI_prof_data_size           
ffffffff  __TI_prof_data_start          
ffffffff  __binit__                     
ffffffff  __c_args__                    
ffffffff  binit                         
UNDEFED   __mpu_init                    
UNDEFED   _system_post_cinit            

[53 symbols]
